[    0.000000] Initializing cgroup subsys cpuset
[    0.000000] Initializing cgroup subsys cpu
[    0.000000] Initializing cgroup subsys cpuacct
[    0.000000] Linux version 4.4.0-210-generic (buildd@lgw01-amd64-009) (gcc version 5.4.0 20160609 (Ubuntu 5.4.0-6ubuntu1~16.04.12) ) #242-Ubuntu SMP Fri Apr 16 09:57:56 UTC 2021 (Ubuntu 4.4.0-210.242-generic 4.4.262)
[    0.000000] Command line: BOOT_IMAGE=/boot/vmlinuz-4.4.0-210-generic root=LABEL=cloudimg-rootfs ro console=tty1 console=ttyS0
[    0.000000] KERNEL supported cpus:
[    0.000000]   Intel GenuineIntel
[    0.000000]   AMD AuthenticAMD
[    0.000000]   Centaur CentaurHauls
[    0.000000] x86/fpu: xstate_offset[2]:  576, xstate_sizes[2]:  256
[    0.000000] x86/fpu: Supporting XSAVE feature 0x01: 'x87 floating point registers'
[    0.000000] x86/fpu: Supporting XSAVE feature 0x02: 'SSE registers'
[    0.000000] x86/fpu: Supporting XSAVE feature 0x04: 'AVX registers'
[    0.000000] x86/fpu: Enabled xstate features 0x7, context size is 832 bytes, using 'standard' format.
[    0.000000] e820: BIOS-provided physical RAM map:
[    0.000000] BIOS-e820: [mem 0x0000000000000000-0x000000000009fbff] usable
[    0.000000] BIOS-e820: [mem 0x000000000009fc00-0x000000000009ffff] reserved
[    0.000000] BIOS-e820: [mem 0x00000000000f0000-0x00000000000fffff] reserved
[    0.000000] BIOS-e820: [mem 0x0000000000100000-0x000000003ffeffff] usable
[    0.000000] BIOS-e820: [mem 0x000000003fff0000-0x000000003fffffff] ACPI data
[    0.000000] BIOS-e820: [mem 0x00000000fec00000-0x00000000fec00fff] reserved
[    0.000000] BIOS-e820: [mem 0x00000000fee00000-0x00000000fee00fff] reserved
[    0.000000] BIOS-e820: [mem 0x00000000fffc0000-0x00000000ffffffff] reserved
[    0.000000] NX (Execute Disable) protection: active
[    0.000000] SMBIOS 2.5 present.
[    0.000000] Hypervisor detected: KVM
[    0.000000] e820: last_pfn = 0x3fff0 max_arch_pfn = 0x400000000
[    0.000000] MTRR: Disabled
[    0.000000] x86/PAT: MTRRs disabled, skipping PAT initialization too.
[    0.000000] CPU MTRRs all blank - virtualized system.
[    0.000000] x86/PAT: Configuration [0-7]: WB  WT  UC- UC  WB  WT  UC- UC  
[    0.000000] found SMP MP-table at [mem 0x0009fff0-0x0009ffff] mapped at [ffff88000009fff0]
[    0.000000] Scanning 1 areas for low memory corruption
[    0.000000] RAMDISK: [mem 0x362dc000-0x37165fff]
[    0.000000] ACPI: Early table checksum verification disabled
[    0.000000] ACPI: RSDP 0x00000000000E0000 000024 (v02 VBOX  )
[    0.000000] ACPI: XSDT 0x000000003FFF0030 00003C (v01 VBOX   VBOXXSDT 00000001 ASL  00000061)
[    0.000000] ACPI: FACP 0x000000003FFF00F0 0000F4 (v04 VBOX   VBOXFACP 00000001 ASL  00000061)
[    0.000000] ACPI: DSDT 0x000000003FFF0610 002353 (v02 VBOX   VBOXBIOS 00000002 INTL 20210930)
[    0.000000] ACPI: FACS 0x000000003FFF0200 000040
[    0.000000] ACPI: FACS 0x000000003FFF0200 000040
[    0.000000] ACPI: APIC 0x000000003FFF0240 00005C (v02 VBOX   VBOXAPIC 00000001 ASL  00000061)
[    0.000000] ACPI: SSDT 0x000000003FFF02A0 00036C (v01 VBOX   VBOXCPUT 00000002 INTL 20210930)
[    0.000000] No NUMA configuration found
[    0.000000] Faking a node at [mem 0x0000000000000000-0x000000003ffeffff]
[    0.000000] NODE_DATA(0) allocated [mem 0x3ffeb000-0x3ffeffff]
[    0.000000] kvm-clock: Using msrs 4b564d01 and 4b564d00
[    0.000000] kvm-clock: cpu 0, msr 0:3ffe3001, primary cpu clock
[    0.000000] kvm-clock: using sched offset of 3327024794 cycles
[    0.000000] clocksource: kvm-clock: mask: 0xffffffffffffffff max_cycles: 0x1cd42e4dffb, max_idle_ns: 881590591483 ns
[    0.000000] Zone ranges:
[    0.000000]   DMA      [mem 0x0000000000001000-0x0000000000ffffff]
[    0.000000]   DMA32    [mem 0x0000000001000000-0x000000003ffeffff]
[    0.000000]   Normal   empty
[    0.000000]   Device   empty
[    0.000000] Movable zone start for each node
[    0.000000] Early memory node ranges
[    0.000000]   node   0: [mem 0x0000000000001000-0x000000000009efff]
[    0.000000]   node   0: [mem 0x0000000000100000-0x000000003ffeffff]
[    0.000000] Initmem setup node 0 [mem 0x0000000000001000-0x000000003ffeffff]
[    0.000000] ACPI: PM-Timer IO Port: 0x4008
[    0.000000] IOAPIC[0]: apic_id 2, version 32, address 0xfec00000, GSI 0-23
[    0.000000] ACPI: INT_SRC_OVR (bus 0 bus_irq 0 global_irq 2 dfl dfl)
[    0.000000] ACPI: INT_SRC_OVR (bus 0 bus_irq 9 global_irq 9 low level)
[    0.000000] Using ACPI (MADT) for SMP configuration information
[    0.000000] smpboot: Allowing 2 CPUs, 0 hotplug CPUs
[    0.000000] PM: Registered nosave memory: [mem 0x00000000-0x00000fff]
[    0.000000] PM: Registered nosave memory: [mem 0x0009f000-0x0009ffff]
[    0.000000] PM: Registered nosave memory: [mem 0x000a0000-0x000effff]
[    0.000000] PM: Registered nosave memory: [mem 0x000f0000-0x000fffff]
[    0.000000] e820: [mem 0x40000000-0xfebfffff] available for PCI devices
[    0.000000] Booting paravirtualized kernel on KVM
[    0.000000] clocksource: refined-jiffies: mask: 0xffffffff max_cycles: 0xffffffff, max_idle_ns: 7645519600211568 ns
[    0.000000] setup_percpu: NR_CPUS:512 nr_cpumask_bits:512 nr_cpu_ids:2 nr_node_ids:1
[    0.000000] PERCPU: Embedded 33 pages/cpu @ffff88003fc00000 s95192 r8192 d31784 u1048576
[    0.000000] Built 1 zonelists in Node order, mobility grouping on.  Total pages: 257912
[    0.000000] Policy zone: DMA32
[    0.000000] Kernel command line: BOOT_IMAGE=/boot/vmlinuz-4.4.0-210-generic root=LABEL=cloudimg-rootfs ro console=tty1 console=ttyS0
[    0.000000] PID hash table entries: 4096 (order: 3, 32768 bytes)
[    0.000000] Memory: 997792K/1048120K available (8644K kernel code, 1332K rwdata, 4044K rodata, 1492K init, 1164K bss, 50328K reserved, 0K cma-reserved)
[    0.000000] SLUB: HWalign=64, Order=0-3, MinObjects=0, CPUs=2, Nodes=1
[    0.000000] Kernel/User page tables isolation: enabled
[    0.000000] Hierarchical RCU implementation.
[    0.000000] 	Build-time adjustment of leaf fanout to 64.
[    0.000000] 	RCU restricting CPUs from NR_CPUS=512 to nr_cpu_ids=2.
[    0.000000] RCU: Adjusting geometry for rcu_fanout_leaf=64, nr_cpu_ids=2
[    0.000000] NR_IRQS:33024 nr_irqs:440 16
[    0.000000] Console: colour VGA+ 80x25
[    0.000000] console [tty1] enabled
[    0.000000] console [ttyS0] enabled
[    0.000000] tsc: Detected 1390.352 MHz processor
[    0.419496] Calibrating delay loop (skipped) preset value.. 2780.70 BogoMIPS (lpj=5561408)
[    0.425963] pid_max: default: 32768 minimum: 301
[    0.428846] ACPI: Core revision 20150930
[    0.432288] ACPI: 2 ACPI AML tables successfully acquired and loaded
[    0.437349] Security Framework initialized
[    0.439868] Yama: becoming mindful.
[    0.442545] AppArmor: AppArmor initialized
[    0.445219] Dentry cache hash table entries: 131072 (order: 8, 1048576 bytes)
[    0.451220] Inode-cache hash table entries: 65536 (order: 7, 524288 bytes)
[    0.456228] Mount-cache hash table entries: 2048 (order: 2, 16384 bytes)
[    0.461344] Mountpoint-cache hash table entries: 2048 (order: 2, 16384 bytes)
[    0.466027] Initializing cgroup subsys io
[    0.468529] Initializing cgroup subsys memory
[    0.471279] Initializing cgroup subsys devices
[    0.474025] Initializing cgroup subsys freezer
[    0.477656] Initializing cgroup subsys net_cls
[    0.480741] Initializing cgroup subsys perf_event
[    0.483745] Initializing cgroup subsys net_prio
[    0.486668] Initializing cgroup subsys hugetlb
[    0.490472] Initializing cgroup subsys pids
[    0.507574] mce: CPU supports 0 MCE banks
[    0.510381] Last level iTLB entries: 4KB 64, 2MB 8, 4MB 8
[    0.513812] Last level dTLB entries: 4KB 64, 2MB 0, 4MB 0, 1GB 4
[    0.517440] Spectre V1 : Mitigation: usercopy/swapgs barriers and __user pointer sanitization
[    0.522834] Spectre V2 : Mitigation: Full generic retpoline
[    0.526699] Spectre V2 : Spectre v2 / SpectreRSB mitigation: Filling RSB on context switch
[    0.531621] Speculative Store Bypass: Vulnerable
[    0.534786] SRBDS: Unknown: Dependent on hypervisor status
[    0.538668] MDS: Mitigation: Clear CPU buffers
[    0.574691] Freeing SMP alternatives memory: 36K
[    0.642321] ftrace: allocating 32380 entries in 127 pages
[    1.099152] smpboot: APIC(0) Converting physical 0 to logical package 0
[    1.103594] smpboot: Max logical packages: 1
[    1.107959] x2apic enabled
[    1.111349] Switched APIC routing to physical x2apic.
[    1.121430] ..TIMER: vector=0x30 apic1=0 pin1=2 apic2=-1 pin2=-1
[    1.233602] smpboot: CPU0: Intel(R) Core(TM) i5-8257U CPU @ 1.40GHz (family: 0x6, model: 0x8e, stepping: 0xa)
[    1.240695] Performance Events: unsupported p6 CPU model 142 no PMU driver, software events only.
[    1.316218] KVM setup paravirtual spinlock
[    1.320063] x86: Booting SMP configuration:
[    1.322609] .... node  #0, CPUs:      #1
[    1.325994] kvm-clock: cpu 1, msr 0:3ffe3041, secondary cpu clock
[    1.343257] mce: CPU supports 0 MCE banks
[    1.347450] x86: Booted up 1 node, 2 CPUs
[    1.350628] smpboot: Total of 2 processors activated (5561.40 BogoMIPS)
[    1.356381] devtmpfs: initialized
[    1.360065] evm: security.selinux
[    1.362186] evm: security.SMACK64
[    1.364228] evm: security.SMACK64EXEC
[    1.366536] evm: security.SMACK64TRANSMUTE
[    1.369458] evm: security.SMACK64MMAP
[    1.371717] evm: security.ima
[    1.373583] evm: security.capability
[    1.376466] clocksource: jiffies: mask: 0xffffffff max_cycles: 0xffffffff, max_idle_ns: 7645041785100000 ns
[    1.382064] futex hash table entries: 512 (order: 3, 32768 bytes)
[    1.385899] pinctrl core: initialized pinctrl subsystem
[    1.389594] RTC time: 15:19:48, date: 10/18/23
[    1.392733] NET: Registered protocol family 16
[    1.407447] cpuidle: using governor ladder
[    1.421183] cpuidle: using governor menu
[    1.423678] PCCT header not found.
[    1.426152] ACPI: bus type PCI registered
[    1.428729] acpiphp: ACPI Hot Plug PCI Controller Driver version: 0.5
[    1.433051] PCI: Using configuration type 1 for base access
[    1.447764] ACPI: Added _OSI(Module Device)
[    1.450429] ACPI: Added _OSI(Processor Device)
[    1.453329] ACPI: Added _OSI(3.0 _SCP Extensions)
[    1.456344] ACPI: Added _OSI(Processor Aggregator Device)
[    1.461118] ACPI: Executed 1 blocks of module-level executable AML code
[    1.467994] ACPI: Interpreter enabled
[    1.470253] ACPI: (supports S0 S5)
[    1.472407] ACPI: Using IOAPIC for interrupt routing
[    1.475673] PCI: Using host bridge windows from ACPI; if necessary, use "pci=nocrs" and report a bug
[    1.488485] ACPI: PCI Root Bridge [PCI0] (domain 0000 [bus 00-ff])
[    1.492207] acpi PNP0A03:00: _OSC: OS supports [ASPM ClockPM Segments MSI]
[    1.496748] acpi PNP0A03:00: _OSC: not requesting OS control; OS requires [ExtendedConfig ASPM ClockPM MSI]
[    1.502678] acpi PNP0A03:00: fail to add MMCONFIG information, can't access extended PCI configuration space under this bridge.
[    1.510049] PCI host bridge to bus 0000:00
[    1.512538] pci_bus 0000:00: root bus resource [io  0x0000-0x0cf7 window]
[    1.516920] pci_bus 0000:00: root bus resource [io  0x0d00-0xffff window]
[    1.521030] pci_bus 0000:00: root bus resource [mem 0x000a0000-0x000bffff window]
[    1.525571] pci_bus 0000:00: root bus resource [mem 0x40000000-0xfdffffff window]
[    1.530141] pci_bus 0000:00: root bus resource [bus 00-ff]
[    1.538486] pci 0000:00:01.1: legacy IDE quirk: reg 0x10: [io  0x01f0-0x01f7]
[    1.542965] pci 0000:00:01.1: legacy IDE quirk: reg 0x14: [io  0x03f6]
[    1.546720] pci 0000:00:01.1: legacy IDE quirk: reg 0x18: [io  0x0170-0x0177]
[    1.561792] pci 0000:00:01.1: legacy IDE quirk: reg 0x1c: [io  0x0376]
[    1.627909] pci 0000:00:07.0: quirk: [io  0x4000-0x403f] claimed by PIIX4 ACPI
[    1.632227] pci 0000:00:07.0: quirk: [io  0x4100-0x410f] claimed by PIIX4 SMB
[    1.643489] ACPI: PCI Interrupt Link [LNKA] (IRQs 5 9 10 *11)
[    1.648680] ACPI: PCI Interrupt Link [LNKB] (IRQs 5 9 *10 11)
[    1.654044] ACPI: PCI Interrupt Link [LNKC] (IRQs 5 *9 10 11)
[    1.659005] ACPI: PCI Interrupt Link [LNKD] (IRQs 5 9 10 *11)
[    1.664111] ACPI: Enabled 2 GPEs in block 00 to 07
[    1.667800] vgaarb: setting as boot device: PCI:0000:00:02.0
[    1.671247] vgaarb: device added: PCI:0000:00:02.0,decodes=io+mem,owns=io+mem,locks=none
[    1.676351] vgaarb: loaded
[    1.678139] vgaarb: bridge control possible 0000:00:02.0
[    1.681605] SCSI subsystem initialized
[    1.684272] ACPI: bus type USB registered
[    1.686893] usbcore: registered new interface driver usbfs
[    1.690182] usbcore: registered new interface driver hub
[    1.693389] usbcore: registered new device driver usb
[    1.697120] PCI: Using ACPI for IRQ routing
[    1.700225] NetLabel: Initializing
[    1.702515] NetLabel:  domain hash size = 128
[    1.705168] NetLabel:  protocols = UNLABELED CIPSOv4
[    1.708139] NetLabel:  unlabeled traffic allowed by default
[    1.711631] amd_nb: Cannot enumerate AMD northbridges
[    1.715010] clocksource: Switched to clocksource kvm-clock
[    1.731226] AppArmor: AppArmor Filesystem Enabled
[    1.734378] pnp: PnP ACPI init
[    1.738271] pnp: PnP ACPI: found 3 devices
[    1.756968] clocksource: acpi_pm: mask: 0xffffff max_cycles: 0xffffff, max_idle_ns: 2085701024 ns
[    1.762244] NET: Registered protocol family 2
[    1.765341] TCP established hash table entries: 8192 (order: 4, 65536 bytes)
[    1.769928] TCP bind hash table entries: 8192 (order: 5, 131072 bytes)
[    1.773907] TCP: Hash tables configured (established 8192 bind 8192)
[    1.777832] UDP hash table entries: 512 (order: 2, 16384 bytes)
[    1.781320] UDP-Lite hash table entries: 512 (order: 2, 16384 bytes)
[    1.785133] NET: Registered protocol family 1
[    1.788145] pci 0000:00:00.0: Limiting direct PCI/PCI transfers
[    1.791643] pci 0000:00:01.0: Activating ISA DMA hang workarounds
[    1.796064] Unpacking initramfs...
[    2.037945] Freeing initrd memory: 14888K
[    2.040916] clocksource: tsc: mask: 0xffffffffffffffff max_cycles: 0x140a862dc98, max_idle_ns: 440795219875 ns
[    2.046926] platform rtc_cmos: registered platform RTC device (no PNP device found)
[    2.052362] Scanning for low memory corruption every 60 seconds
[    2.057303] audit: initializing netlink subsys (disabled)
[    2.060658] audit: type=2000 audit(1697642393.226:1): initialized
[    2.064985] Initialise system trusted keyring
[    2.068155] HugeTLB registered 2 MB page size, pre-allocated 0 pages
[    2.073813] zbud: loaded
[    2.076186] VFS: Disk quotas dquot_6.6.0
[    2.078788] VFS: Dquot-cache hash table entries: 512 (order 0, 4096 bytes)
[    2.083318] squashfs: version 4.0 (2009/01/31) Phillip Lougher
[    2.088097] fuse init (API version 7.23)
[    2.090888] Key type big_key registered
[    2.093342] Allocating IMA MOK and blacklist keyrings.
[    2.100356] Key type asymmetric registered
[    2.103105] Asymmetric key parser 'x509' registered
[    2.106524] Block layer SCSI generic (bsg) driver version 0.4 loaded (major 249)
[    2.111194] io scheduler noop registered
[    2.113625] io scheduler deadline registered (default)
[    2.117736] io scheduler cfq registered
[    2.120379] pci_hotplug: PCI Hot Plug PCI Core version: 0.5
[    2.123762] pciehp: PCI Express Hot Plug Controller Driver version: 0.4
[    2.128082] ACPI: AC Adapter [AC] (off-line)
[    2.131283] input: Power Button as /devices/LNXSYSTM:00/LNXPWRBN:00/input/input0
[    2.136355] ACPI: Power Button [PWRF]
[    2.138742] input: Sleep Button as /devices/LNXSYSTM:00/LNXSLPBN:00/input/input1
[    2.143921] ACPI: Sleep Button [SLPF]
[    2.146804] GHES: HEST is not enabled!
[    2.148841] ACPI: Battery Slot [BAT0] (battery present)
[    2.153511] Serial: 8250/16550 driver, 32 ports, IRQ sharing enabled
[    2.182837] 00:02: ttyS0 at I/O 0x3f8 (irq = 4, base_baud = 115200) is a 16550A
[    2.193118] Linux agpgart interface v0.103
[    2.199456] loop: module loaded
[    2.202523] scsi host0: ata_piix
[    2.204978] scsi host1: ata_piix
[    2.207089] ata1: PATA max UDMA/33 cmd 0x1f0 ctl 0x3f6 bmdma 0xd000 irq 14
[    2.211060] ata2: PATA max UDMA/33 cmd 0x170 ctl 0x376 bmdma 0xd008 irq 15
[    2.216455] libphy: Fixed MDIO Bus: probed
[    2.219158] tun: Universal TUN/TAP device driver, 1.6
[    2.222241] tun: (C) 1999-2004 Max Krasnyansky <maxk@qualcomm.com>
[    2.226325] PPP generic driver version 2.4.2
[    2.229111] ehci_hcd: USB 2.0 'Enhanced' Host Controller (EHCI) Driver
[    2.233062] ehci-pci: EHCI PCI platform driver
[    2.236120] ehci-platform: EHCI generic platform driver
[    2.239237] ohci_hcd: USB 1.1 'Open' Host Controller (OHCI) Driver
[    2.243324] ohci-pci: OHCI PCI platform driver
[    2.246023] ohci-platform: OHCI generic platform driver
[    2.249194] uhci_hcd: USB Universal Host Controller Interface driver
[    2.253549] i8042: PNP: PS/2 Controller [PNP0303:PS2K,PNP0f03:PS2M] at 0x60,0x64 irq 1,12
[    2.260915] serio: i8042 KBD port at 0x60,0x64 irq 1
[    2.264289] serio: i8042 AUX port at 0x60,0x64 irq 12
[    2.268023] mousedev: PS/2 mouse device common for all mice
[    2.273680] input: AT Translated Set 2 keyboard as /devices/platform/i8042/serio0/input/input2
[    2.280394] rtc_cmos rtc_cmos: rtc core: registered rtc_cmos as rtc0
[    2.285023] rtc_cmos rtc_cmos: alarms up to one day, 114 bytes nvram
[    2.288836] i2c /dev entries driver
[    2.291182] device-mapper: uevent: version 1.0.3
[    2.294742] device-mapper: ioctl: 4.34.0-ioctl (2015-10-28) initialised: dm-devel@redhat.com
[    2.300559] ledtrig-cpu: registered to indicate activity on CPUs
[    2.305102] NET: Registered protocol family 10
[    2.308176] NET: Registered protocol family 17
[    2.311702] Key type dns_resolver registered
[    2.315480] registered taskstats version 1
[    2.318227] Loading compiled-in X.509 certificates
[    2.321809] Loaded X.509 cert 'Build time autogenerated kernel key: cf00e047681d67edb2720680708b7d9498083038'
[    2.328105] zswap: loaded using pool lzo/zbud
[    2.333759] Key type trusted registered
[    2.341970] Key type encrypted registered
[    2.344695] AppArmor: AppArmor sha1 policy hashing enabled
[    2.348389] ima: No TPM chip found, activating TPM-bypass!
[    2.352062] ima: Allocated hash algorithm: sha1
[    2.354910] evm: HMAC attrs: 0x1
[    2.358139]   Magic number: 11:240:336
[    2.360527] tty tty57: hash matches
[    2.363130] rtc_cmos rtc_cmos: setting system clock to 2023-10-18 15:19:49 UTC (1697642389)
[    2.368526] BIOS EDD facility v0.16 2004-Jun-25, 0 devices found
[    2.372147] EDD information not available.
[    2.424163] Freeing unused kernel memory: 1492K
[    2.426895] Write protecting the kernel read-only data: 14336k
[    2.431229] Freeing unused kernel memory: 1584K
[    2.434064] Freeing unused kernel memory: 52K
Loading, please wait...
starting version 229
[    2.453114] random: systemd-udevd: uninitialized urandom read (16 bytes read, 5 bits of entropy available)
[    2.453948] random: udevadm: uninitialized urandom read (16 bytes read, 5 bits of entropy available)
[    2.453996] random: udevadm: uninitialized urandom read (16 bytes read, 5 bits of entropy available)
[    2.471143] random: udevadm: uninitialized urandom read (16 bytes read, 5 bits of entropy available)
[    2.471231] random: udevadm: uninitialized urandom read (16 bytes read, 5 bits of entropy available)
[    2.471447] random: udevadm: uninitialized urandom read (16 bytes read, 5 bits of entropy available)
[    2.471522] random: udevadm: uninitialized urandom read (16 bytes read, 5 bits of entropy available)
[    2.471645] random: udevadm: uninitialized urandom read (16 bytes read, 5 bits of entropy available)
[    2.471749] random: udevadm: uninitialized urandom read (16 bytes read, 5 bits of entropy available)
[    2.471912] random: udevadm: uninitialized urandom read (16 bytes read, 5 bits of entropy available)
[    2.563622] e1000: Intel(R) PRO/1000 Network Driver - version 7.3.21-k8-NAPI
[    2.568359] e1000: Copyright (c) 1999-2006 Intel Corporation.
[    2.589627] Fusion MPT base driver 3.04.20
[    2.592971] Copyright (c) 1999-2008 LSI Corporation
[    2.624552] AVX2 version of gcm_enc/dec engaged.
[    2.629195] AES CTR mode by8 optimization enabled
[    2.654692] Fusion MPT SPI Host driver 3.04.20
[    2.890408] input: ImExPS/2 Generic Explorer Mouse as /devices/platform/i8042/serio1/input/input4
[    3.111613] e1000 0000:00:03.0 eth0: (PCI:33MHz:32-bit) 02:be:82:6b:cc:1d
[    3.115781] e1000 0000:00:03.0 eth0: Intel(R) PRO/1000 Network Connection
[    3.121683] mptbase: ioc0: Initiating bringup
[    3.126050] e1000 0000:00:03.0 enp0s3: renamed from eth0
[    3.202246] ioc0: LSI53C1030 A0: Capabilities={Initiator}
[    3.379413] scsi host2: ioc0: LSI53C1030 A0, FwRev=00000000h, Ports=1, MaxQ=256, IRQ=20
[    3.500367] scsi 2:0:0:0: Direct-Access     VBOX     HARDDISK         1.0  PQ: 0 ANSI: 5
[    3.505368] scsi target2:0:0: Beginning Domain Validation
[    3.512735] scsi target2:0:0: Domain Validation skipping write tests
[    3.516762] scsi target2:0:0: Ending Domain Validation
[    3.520940] scsi target2:0:0: asynchronous
[    3.524927] scsi 2:0:1:0: Direct-Access     VBOX     HARDDISK         1.0  PQ: 0 ANSI: 5
[    3.529915] scsi target2:0:1: Beginning Domain Validation
[    3.536975] scsi target2:0:1: Domain Validation skipping write tests
[    3.552178] scsi target2:0:1: Ending Domain Validation
[    3.555801] scsi target2:0:1: asynchronous
[    3.570888] sd 2:0:0:0: Attached scsi generic sg0 type 0
[    3.574663] sd 2:0:0:0: [sda] 83886080 512-byte logical blocks: (42.9 GB/40.0 GiB)
[    3.574799] sd 2:0:1:0: Attached scsi generic sg1 type 0
[    3.583168] sd 2:0:1:0: [sdb] 20480 512-byte logical blocks: (10.5 MB/10.0 MiB)
[    3.583407] sd 2:0:0:0: [sda] Write Protect is off
[    3.583647] sd 2:0:0:0: [sda] Incomplete mode parameter data
[    3.583648] sd 2:0:0:0: [sda] Assuming drive cache: write through
[    3.601007]  sda: sda1
[    3.602789] sd 2:0:1:0: [sdb] Write Protect is off
[    3.607209] sd 2:0:0:0: [sda] Attached SCSI disk
[    3.610271] sd 2:0:1:0: [sdb] Incomplete mode parameter data
[    3.613712] sd 2:0:1:0: [sdb] Assuming drive cache: write through
[    3.621814] sd 2:0:1:0: [sdb] Attached SCSI disk
Begin: Loading essential drivers ... [    5.215398] md: linear personality registered for level -1
[    5.222645] md: multipath personality registered for level -4
[    5.229239] md: raid0 personality registered for level 0
[    5.241001] md: raid1 personality registered for level 1
[    5.323192] raid6: sse2x1   gen() 13273 MB/s
[    5.399338] raid6: sse2x1   xor()  9577 MB/s
[    5.490164] raid6: sse2x2   gen() 18775 MB/s
[    5.559834] raid6: sse2x2   xor() 10294 MB/s
[    5.642902] raid6: sse2x4   gen() 18637 MB/s
[    5.717387] raid6: sse2x4   xor()  9126 MB/s
[    5.790806] raid6: avx2x1   gen() 22374 MB/s
[    5.867202] raid6: avx2x2   gen() 27850 MB/s
[    5.943740] raid6: avx2x4   gen() 30766 MB/s
[    5.947527] raid6: using algorithm avx2x4 gen() 30766 MB/s
[    5.951047] raid6: using avx2x2 recovery algorithm
[    5.955999] xor: automatically using best checksumming function:
[    5.996561]    avx       : 26591.000 MB/sec
[    6.000930] async_tx: api initialized (async)
[    6.029192] md: raid6 personality registered for level 6
[    6.032717] md: raid5 personality registered for level 5
[    6.036236] md: raid4 personality registered for level 4
[    6.052832] md: raid10 personality registered for level 10
done.
Begin: Running /scripts/init-premount ... done.
Begin: Mounting root file system ... Begin: Running /scripts/local-top ... done.
Begin: Running /scripts/local-premount ... [    6.116679] Btrfs loaded
Scanning for Btrfs filesystems
done.
Warning: fsck not present, so skipping root file system
[    6.151995] EXT4-fs (sda1): mounted filesystem with ordered data mode. Opts: (null)
done.
Begin: Running /scripts/local-bottom ... done.
Begin: Running /scripts/init-bottom ... done.
[    6.280959] systemd[1]: systemd 229 running in system mode. (+PAM +AUDIT +SELINUX +IMA +APPARMOR +SMACK +SYSVINIT +UTMP +LIBCRYPTSETUP +GCRYPT +GNUTLS +ACL +XZ -LZ4 +SECCOMP +BLKID +ELFUTILS +KMOD -IDN)
[    6.291321] systemd[1]: Detected virtualization oracle.
[    6.294956] systemd[1]: Detected architecture x86-64.

Welcome to [1mUbuntu 16.04.7 LTS[0m!

[    6.304530] systemd[1]: Set hostname to <ubuntu>.
[    6.311365] systemd[1]: Initializing machine ID from random generator.
[    6.315176] systemd[1]: Installed transient /etc/machine-id file.
[    6.473940] systemd[1]: Created slice User and Session Slice.
[[0;32m  OK  [0m] Created slice User and Session Slice.
[    6.481589] systemd[1]: Started Trigger resolvconf update for networkd DNS.
[[0;32m  OK  [0m] Started Trigger resolvconf update for networkd DNS.
[    6.489633] systemd[1]: Listening on Device-mapper event daemon FIFOs.
[[0;32m  OK  [0m] Listening on Device-mapper event daemon FIFOs.
[    6.497679] systemd[1]: Listening on Syslog Socket.
[[0;32m  OK  [0m] Listening on Syslog Socket.
[    6.504600] systemd[1]: Set up automount Arbitrary Executable File Formats File System Automount Point.
[[0;32m  OK  [0m] Set up automount Arbitrary Executab...ats File System Automount Point.
[    6.514852] systemd[1]: Listening on Journal Audit Socket.
[[0;32m  OK  [0m] Listening on Journal Audit Socket.
[    6.521805] systemd[1]: Listening on /dev/initctl Compatibility Named Pipe.
[[0;32m  OK  [0m] Listening on /dev/initctl Compatibility Named Pipe.
[    6.530560] systemd[1]: Created slice System Slice.
[[0;32m  OK  [0m] Created slice System Slice.
[    6.537506] systemd[1]: Listening on udev Kernel Socket.
[[0;32m  OK  [0m] Listening on udev Kernel Socket.
[    6.544497] systemd[1]: Reached target Swap.
[[0;32m  OK  [0m] Reached target Swap.
[    6.550394] systemd[1]: Reached target User and Group Name Lookups.
[[0;32m  OK  [0m] Reached target User and Group Name Lookups.
[    6.558131] systemd[1]: Created slice system-serial\x2dgetty.slice.
[[0;32m  OK  [0m] Created slice system-serial\x2dgetty.slice.
[    6.566009] systemd[1]: Listening on LVM2 poll daemon socket.
[[0;32m  OK  [0m] Listening on LVM2 poll daemon socket.
[    6.573163] systemd[1]: Listening on Journal Socket (/dev/log).
[[0;32m  OK  [0m] Listening on Journal Socket (/dev/log).
[    6.580487] systemd[1]: Reached target System Time Synchronized.
[[0;32m  OK  [0m] Reached target System Time Synchronized.
[    6.588007] systemd[1]: Reached target Encrypted Volumes.
[[0;32m  OK  [0m] Reached target Encrypted Volumes.
[    6.595147] systemd[1]: Reached target Slices.
[[0;32m  OK  [0m] Reached target Slices.
[    6.601745] systemd[1]: Listening on Journal Socket.
[[0;32m  OK  [0m] Listening on Journal Socket.
[    6.619864] systemd[1]: Starting Journal Service...
         Starting Journal Service...
[    6.627783] systemd[1]: Mounting Debug File System...
         Mounting Debug File System...
[    6.635581] systemd[1]: Mounting Huge Pages File System...
         Mounting Huge Pages File System...
[    6.643938] systemd[1]: Starting Nameserver information manager...
         Starting Nameserver information manager...
[    6.653513] systemd[1]: Starting Uncomplicated firewall...
         Starting Uncomplicated firewall...
[    6.662145] systemd[1]: Starting Create list of required static device nodes for the current kernel...
         Starting Create list of required st... nodes for the current kernel...
[    6.676569] systemd[1]: Starting Load Kernel Modules...
         Starting Load Kernel Modules...
[    6.686403] systemd[1]: Mounting POSIX Message Queue File System...
         Mounting POSIX Message Queue File System...
[    6.694538] systemd[1]: Listening on fsck to fsckd communication Socket.
[    6.699785] Loading iSCSI transport class v2.0-870.
[[0;32m  OK  [0m] Listening on fsck to fsckd communication Socket.
[    6.707737] systemd[1]: Starting File System Check on Root Device...
         Starting File System Check on Root Device...
[    6.717685] systemd[1]: Listening on udev Control Socket.
[[0;32m  OK  [0m] Listening on udev Control Socket.
[    6.727203] systemd[1]: Listening on LVM2 metadata daemon socket.
[    6.732618] iscsi: registered transport (tcp)
[[0;32m  OK  [0m] Listening on LVM2 metadata daemon socket.
[    6.740022] systemd[1]: Starting Monitoring of LVM2 mirrors, snapshots etc. using dmeventd or progress polling...
[    6.747269] random: nonblocking pool is initialized
         Starting Monitoring of LVM2 mirrors... dmeventd or progress polling...
[    6.756661] systemd[1]: Started Forward Password Requests to Wall Directory Watch.
[[0;32m  OK  [0m] Started Forward Password Requests to Wall Directory Watch.
[    6.771165] systemd[1]: Starting Set console keymap...
         Starting Set console keymap...
[    6.784664] systemd[1]: Mounted Huge Pages File System.
[[0;32m  OK  [0m] Mounted Huge Pages File System.
[    6.794614] systemd[1]: Mounted POSIX Message Queue File System.
[[0;32m  OK  [0m] Mounted POSIX Message Queue File System.
[    6.804490] systemd[1]: Mounted Debug File System.
[[0;32m  OK  [0m] Mounted Debug File System.
[    6.812917] systemd[1]: Started Journal Service.
[[0;32m  OK  [0m] Started Journal Service.
[[0;32m  OK  [0m] Started Uncomplicated firewall.
[[0;32m  OK  [0m] Started Create list of required sta...ce nodes for the current kernel.
[[0;32m  OK  [0m] Started File System Check on Root Device.
[[0;32m  OK  [0m] Started Nameserver information manager.
[[0;32m  OK  [0m] Started LVM2 metadata daemon.
[[0;32m  OK  [0m] Started File System Check Daemon to report status.
         Starting Remount Root and Kernel File Systems...
         Starting Create Static Device Nodes in /dev...[    6.888166] iscsi: registered transport (iser)

[    6.893844] EXT4-fs (sda1): re-mounted. Opts: (null)
[[0;32m  OK  [0m] Started Load Kernel Modules.
         Starting Apply Kernel Variables...
         Mounting FUSE Control File System...
[[0;32m  OK  [0m] Started Remount Root and Kernel File Systems.
[[0;32m  OK  [0m] Started Create Static Device Nodes in /dev.
[[0;32m  OK  [0m] Mounted FUSE Control File System.
         Starting udev Kernel Device Manager...
         Starting udev Coldplug all Devices...
         Starting Flush Journal to Persistent Storage...
         Starting Load/Save Random Seed...
[[0;32m  OK  [0m] Started Monitoring of LVM2 mirrors,...ng dmeventd or progress polling.
[[0;32m  OK  [0m] Started Apply Kernel Variables.
[[0;32m  OK  [0m] Started Load/Save Random Seed.
[[0;32m  OK  [0m] Started Flush Journal to Persistent Storage.
[[0;32m  OK  [0m] Started udev Kernel Device Manager.
[[0;32m  OK  [0m] Started Set console keymap.
[[0;32m  OK  [0m] Reached target Local File Systems (Pre).
[[0;32m  OK  [0m] Reached target Local File Systems.
         Starting Initial cloud-init job (pre-networking)...
         Starting Commit a transient machine-id on disk...
         Starting LSB: AppArmor initialization...
         Starting Set console font and keymap...
         Starting Tell Plymouth To Write Out Runtime Data...
         Starting Create Volatile Files and Directories...
[[0;32m  OK  [0m] Started Tell Plymouth To Write Out Runtime Data.
[[0;32m  OK  [0m] Started Create Volatile Files and Directories.
         Starting Update UTMP about System Boot/Shutdown...
[[0;32m  OK  [0m] Started Commit a transient machine-id on disk.
[[0;32m  OK  [0m] Started udev Coldplug all Devices.
[[0;32m  OK  [0m] Found device /dev/ttyS0.
[[0;32m  OK  [0m] Started Update UTMP about System Boot/Shutdown.
[[0;32m  OK  [0m] Listening on Load/Save RF Kill Switch Status /dev/rfkill Watch.
[[0;32m  OK  [0m] Started Dispatch Password Requests to Console Directory Watch.
[    7.695221] cloud-init[480]: Cloud-init v. 21.1-19-gbad84ad4-0ubuntu1~16.04.2 running 'init-local' at Wed, 18 Oct 2023 15:19:55 +0000. Up 7.19 seconds.
[[0;32m  OK  [0m] Started Initial cloud-init job (pre-networking).
[[0;32m  OK  [0m] Started LSB: AppArmor initialization.
         Starting Load AppArmor profiles managed internally by snapd...
[[0;32m  OK  [0m] Reached target Network (Pre).
         Starting Raise network interfaces...
[[0;32m  OK  [0m] Started Load AppArmor profiles managed internally by snapd.
[[0;32m  OK  [0m] Started Set console font and keymap.
[[0;32m  OK  [0m] Created slice system-getty.slice.
[[0;32m  OK  [0m] Started Raise network interfaces.
[[0;32m  OK  [0m] Reached target Network.
         Starting Initial cloud-init job (metadata service crawler)...
[    9.722624] cloud-init[947]: Cloud-init v. 21.1-19-gbad84ad4-0ubuntu1~16.04.2 running 'init' at Wed, 18 Oct 2023 15:19:57 +0000. Up 9.09 seconds.
[    9.728475] cloud-init[947]: ci-info: ++++++++++++++++++++++++++++++++++++++Net device info++++++++++++++++++++++++++++++++++++++
[    9.734268] cloud-init[947]: ci-info: +--------+------+----------------------------+---------------+--------+-------------------+
[    9.740763] cloud-init[947]: ci-info: | Device |  Up  |          Address           |      Mask     | Scope  |     Hw-Address    |
[    9.746249] cloud-init[947]: ci-info: +--------+------+----------------------------+---------------+--------+-------------------+
[    9.752718] cloud-init[947]: ci-info: | enp0s3 | True |         10.0.2.15          | 255.255.255.0 | global | 02:be:82:6b:cc:1d |
[    9.758373] cloud-init[947]: ci-info: | enp0s3 | True | fe80::be:82ff:fe6b:cc1d/64 |       .       |  link  | 02:be:82:6b:cc:1d |
[    9.764544] cloud-init[947]: ci-info: |   lo   | True |         127.0.0.1          |   255.0.0.0   |  host  |         .         |
[    9.770734] cloud-init[947]: ci-info: |   lo   | True |          ::1/128           |       .       |  host  |         .         |
[[0;32m  OK  [0m] Started Initial cloud-init job (metadata service crawler).
[    9.779008] [[0;32m  OK  [0m] Reached target Network is Online.
cloud-init[947]: ci-info: +--------+------+----------------------------+---------------+--------+-------------------+
[    9.786139] cloud-init[947]: ci-info: +++++++++++++++++++++++++++Route IPv4 info++++++++++++++++++++++++++++
[    9.790815] cloud-init         Starting iSCSI initiator daemon (iscsid)...
[[0;32m  OK  [0m] Reached target Cloud-config availability.
[[0;32m  OK  [0m] Reached target System Initialization.
[[0;32m  OK  [0m] Listening on D-Bus System Message Bus Socket.
[[0;32m  OK  [0m] Listening on UUID daemon activation socket.
         Starting Socket activation for snappy daemon.
[[0;32m  OK  [0m] Started Daily Cleanup of Temporary Directories.
[[0;32m  OK  [0m] Started Message of the Day.
[[0;32m  OK  [0m] Listening on ACPID Listen Socket.
[947]: [[0;32m  OK  [0m] Started ACPI Events Check.
[[0;32m  OK  [0m] Reached target Paths.
[[0;32m  OK  [0m] Started Daily apt download activities.
[[0;32m  OK  [0m] Started Ubuntu Advantage update messaging.
[[0;32m  OK  [0m] Started Daily apt upgrade and clean activities.
[[0;32m  OK  [0m] Reached target Timers.
ci-info: +-------+-------------+----------+---------------+-----------+-------+         Starting LXD - unix socket.
[[0;32m  OK  [0m] Listening on Socket activation for snappy daemon.
[[0;32m  OK  [0m] Listening on LXD - unix socket.
[[0;32m  OK  [0m] Reached target Sockets.
[[0;32m  OK  [0m] Reached target Basic System.

[[0;32m  OK  [0m] Started ACPI event daemon.
         Starting Login Service...
         Starting Pollinate to seed the pseudo random number generator...
[[0;32m  OK  [0m] Started Regular background program processing daemon.
[[0;32m  OK  [0m] Started FUSE filesystem for LXC.
[[0;32m  OK  [0m] Started Deferred execution scheduler.
         Starting Virtualbox guest utils...
[    9.822342]          Starting Accounts Service...
[[0;32m  OK  [0m] Started D-Bus System Message Bus.
cloud-init[947]: ci-info: | Route | Destination | Gateway  |    Genmask    | Interface | Flags |
[    9.861565] cloud-init[947]: ci-info: +-------+-------------+----------+---------------+-----------+-------+
[    9.869236] cloud-init[947]: ci-info: |   0   |   0.0.0.0   | 10.0.2.2 |    0.0.0.0    |   enp0s3  |   UG  |
[    9.873659] cloud-init[947]: ci-info: |   1   |   10.0.2.0  | 0.0.0.0  | 255.255.255.0 |   enp0s3  |   U   |
[    9.878190] cloud-init[947]: ci-info: +-------+-------------+----------+---------------+-----------+-------+
[    9.885570] cloud-init[947]: ci-info: +++++++++++++++++++Route IPv6 info+++++++++++++++++++
[    9.890923] cloud-init[947]: ci-info: +-------+-------------+---------+-----------+-------+
[    9.896672] cloud-init[947]: ci-info: | Route | Destination | Gateway | Interface | Flags |
[    9.902711] cloud-init[947]: ci-info: +-------+-------------+---------+-----------+-------+
[    9.909197] cloud-init[947]: ci-info: |   0   |  fe80::/64  |    ::   |   enp0s3  |   U   |
[    9.915551] cloud-init[947]: ci-info: |   3   |   ff00::/8  |    ::   |   enp0s3  |   U   |
[    9.921920] cloud-init[947]: ci-info: +-------+-------------+---------+-----------+-------+
         Starting LSB: MD monitoring daemon...
         Starting LSB: Record successful boot for GRUB...
         Starting System Logging Service...
         Starting Snap Daemon...
         Starting /etc/rc.local Compatibility...
         Starting LXD - container startup/shutdown...
[[0;32m  OK  [0m] Started /etc/rc.local Compatibility.
[    9.962662]          Starting Authenticate and Authorize Users to Run Privileged Tasks...
cloud-init[[0;32m  OK  [0m] Started Login Service.
[947]: [[0;32m  OK  [0m] Started Unattended Upgrades Shutdown.
[[0;32m  OK  [0m] Started iSCSI initiator daemon (iscsid).
         Starting Login to default iSCSI targets...
Generating public/private rsa key pair.
[   10.022123] cloud-init[947]: Your identification has been saved in /etc/ssh/ssh_host_rsa_key.[[0;32m  OK  [0m] Started System Logging Service.
[[0;32m  OK  [0m] Started Login to default iSCSI targets.
[[0;32m  OK  [0m] Reached target Remote File Systems (Pre).
[[0;32m  OK  [0m] Reached target Remote File Systems.
         Starting LSB: Set the CPU Frequency Scaling governor to "ondemand"...
         Starting Permit User Sessions...
         Starting LSB: automatic crash report generation...
         Starting LSB: daemon to balance interrupts for SMP systems...

[   10.055379] cloud-init[947]: Your public key has been saved in /etc/ssh/ssh_host_rsa_key.pub.
[[0;32m  OK  [0m] Started Authenticate and Authorize Users to Run Privileged Tasks.
[[0;32m  OK  [0m] Started Accounts Service.
[   10.070947] cloud-init[947]: The key fingerprint is:
[[0;32m  OK  [0m] Started Permit User Sessions.
[   10.085337] cloud-init[947]: SHA256:bmYMTRUfmJiBQk2nLjPgqVScRIuFJIyVrreWNnUefDY root@ubuntu-xenial         Starting Hold until boot process finishes up...

         Starting Terminate Plymouth Boot Screen...
[[0;32m  OK  [0m] Started Hold until boot process finishes up.
[[0;32m  OK  [0m] Started Getty on tty1.
[[0;32m  OK  [0m] Started Serial Getty on ttyS0.
[[0;32m  OK  [0m] Reached target Login Prompts.
         Starting Set console scheme...
[[0;32m  OK  [0m] Started LSB: MD monitoring daemon.
[[0;32m  OK  [0m] Started LSB: Record successful boot for GRUB.
[[0;32m  OK  [0m] Started Terminate Plymouth Boot Screen.
[   10.133603] cloud-init[947]: The key's randomart image is:
[   10.144586] cloud-init[947]: +---[RSA 2048]----+
[   10.147057] cloud-init[947]: |=o+*.o..o+o+.    |
[   10.149701] cloud-init[947]: |oo* + ooo.o. .   |
[   10.152026] cloud-init[947]: | o.= .. .   .    |
[   10.155630] cloud-init[947]: | .oo . o         |
[   10.156559] cloud-init[947]: | oo +.o S        |
[   10.156898] cloud-init[947]: |o.. .+++E        |
[   10.157232] cloud-init[947]: |.. + o +*.       |
[   10.157574] cloud-init[947]: |  *   .+         |
[   10.157882] cloud-init[947]: | o .             |
[   10.158208] cloud-init[947]: +----[SHA256]-----+
[   10.158569] cloud-init[947]: Generating public/private dsa key pair.
[   10.158856] cloud-init[947]: Your identification has been saved in /etc/ssh/ssh_host_dsa_key.
[   10.159333] cloud-init[947]: Your public key has been saved in /etc/ssh/ssh_host_dsa_key.pub.
[   10.160337] cloud-init[947]: The key fingerprint is:
[   10.160762] cloud-init[947]: SHA256:lnd7s51MBQJDumRqOZUQgSjAp43mTycAqHbEMha0OAU root@ubuntu-xenial
[   10.161077] cloud-init[947]: The key's randomart image is:
[   10.161413] cloud-init[947]: +---[DSA 1024]----+
[   10.161729] cloud-init[947]: |E++. .+o .+      |
[   10.162047] cloud-init[947]: |=*o+.  . o o     |
[   10.162388] cloud-init[947]: |*oO     *   . .  |
[   10.162701] cloud-init[947]: |.B o   * o   . . |
[   10.163020] cloud-init[947]: |+ o   = S . .   .|
[   10.172461] cloud-init[947]: | . o o o . . .  .|
[   10.172749] cloud-init[947]: |  o o       . o. |
[   10.173067] cloud-init[947]: |   .         .o+.|
[   10.173386] cloud-init[947]: |              .o.|
[   10.173737] cloud-init[947]: +----[SHA256]-----+
[   10.174035] cloud-init[947]: Generating public/private ecdsa key pair.
[   10.174348] cloud-init[947]: Your identification has been saved in /etc/ssh/ssh_host_ecdsa_key.
[   10.174694] cloud-init[947]: Your public key has been saved in /etc/ssh/ssh_host_ecdsa_key.pub.
[   10.175034] cloud-init[947]: The key fingerprint is:
[   10.175735] cloud-init[947]: SHA256:8BPSxgETljAVzcI+fqe/0swfl26BTSAEoSXSfHCSco4 root@ubuntu-xenial
[   10.176055] cloud-init[947]: The key's randomart image is:
[   10.176346] cloud-init[947]: +---[ECDSA 256]---+
[   10.176666] cloud-init[947]: |    +*@X*+.      |
[   10.176992] cloud-init[947]: |    .+OX+.. .    |
[   10.177308] cloud-init[947]: |     *+o=  . .   |
[   10.177627] cloud-init[947]: |    E += .    .  |
[   10.177946] cloud-init[947]: |     . .S    +   |
[   10.178374] cloud-init[947]: |      . ... . o. |
[   10.178448] cloud-init[947]: |       . *  . o. |
[   10.178759] cloud-init[947]: |        o +  +.  |
[   10.179732] cloud-init[947]: |         ooo...  |
[   10.180035] cloud-init[947]: +----[SHA256]-----+
[   10.180357] cloud-init[947]: Generating public/private ed25519 key pair.
[   10.180690] cloud-init[947]: Your identification has been saved in /etc/ssh/ssh_host_ed25519_key.
[   10.180994] cloud-init[947]: Your public key has been saved in /etc/ssh/ssh_host_ed25519_key.pub.
[   10.181327] cloud-init[947]: The key fingerprint is:
[   10.181645] cloud-init[947]: SHA256:5eL6Bbap5NvlPNSE8GsvvnQVA1B3SEFv926BcjNHXjw root@ubuntu-xenial
[   10.181968] cloud-init[947]: The key's randomart image is:
[   10.191689] cloud-init[947]: +--[ED25519 256]--+
[   10.192234] cloud-init[947]: |          .ooo=o.|
[   10.192756] cloud-init[947]: |        .    o.+ |
[   10.192956] cloud-init[947]: |         o..  oE*|
[   10.193283] cloud-init[947]: |         oo . ++=|
[   10.193616] cloud-init[947]: |        S .= =.+.|
[   10.193960] cloud-init[947]: |       o =+ +.+..|
[   10.194272] cloud-init[947]: |      . +o+..   o|
[   10.194596] cloud-init[947]: |     o + *o..  . |
[   10.195435] cloud-init[947]: |      =oo.=+     |
[   10.195591] cloud-init[947]: +----[SHA256]-----+
[[0;32m  OK  [0m] Started Set console scheme.
[[0;32m  OK  [0m] Started LSB: Set the CPU Frequency Scaling governor to "ondemand".
[[0;32m  OK  [0m] Started LSB: daemon to balance interrupts for SMP systems.
[[0;32m  OK  [0m] Started LSB: automatic crash report generation.
[[0;32m  OK  [0m] Started LXD - container startup/shutdown.
[[0;32m  OK  [0m] Started Virtualbox guest utils.
[[0;32m  OK  [0m] Started Snap Daemon.
         Starting Wait until snapd is fully seeded...
[[0;32m  OK  [0m] Started Pollinate to seed the pseudo random number generator.
         Starting OpenBSD Secure Shell server...
[[0;32m  OK  [0m] Started OpenBSD Secure Shell server.
[[0;32m  OK  [0m] Started Wait until snapd is fully seeded.
         Starting Apply the settings specified in cloud-config...
[[0;32m  OK  [0m] Reached target Multi-User System.
[[0;32m  OK  [0m] Reached target Graphical Interface.
         Starting Update UTMP about System Runlevel Changes...
[[0;32m  OK  [0m] Started Update UTMP about System Runlevel Changes.
[[0;32m  OK  [0m] Created slice User Slice of vagrant.
         Starting User Manager for UID 1000...
[[0;32m  OK  [0m] Started Session 1 of user vagrant.
[[0;32m  OK  [0m] Started User Manager for UID 1000.
[   12.175712] cloud-init[1302]: Generating locales (this might take a while)...
[   13.585799] cloud-init[1302]:   en_US.UTF-8... done
[   13.594527] cloud-init[1302]: Generation complete.
[   14.037944] cloud-init[1302]: Cloud-init v. 21.1-19-gbad84ad4-0ubuntu1~16.04.2 running 'modules:config' at Wed, 18 Oct 2023 15:19:59 +0000. Up 11.97 seconds.
[[0;32m  OK  [0m] Started Apply the settings specified in cloud-config.
         Starting Execute cloud user/final scripts...
         Stopping User Manager for UID 1000...
[[0;32m  OK  [0m] Stopped User Manager for UID 1000.
[[0;32m  OK  [0m] Removed slice User Slice of vagrant.
[[0;32m  OK  [0m] Created slice User Slice of vagrant.
         Starting User Manager for UID 1000...
[[0;32m  OK  [0m] Started Session 2 of user vagrant.
[[0;32m  OK  [0m] Started User Manager for UID 1000.
ci-info: no authorized SSH keys fingerprints found for user ubuntu.
<14>Oct 18 15:20:02 ec2: 
<14>Oct 18 15:20:02 ec2: #############################################################
<14>Oct 18 15:20:02 ec2: -----BEGIN SSH HOST KEY FINGERPRINTS-----
<14>Oct 18 15:20:02 ec2: 1024 SHA256:lnd7s51MBQJDumRqOZUQgSjAp43mTycAqHbEMha0OAU root@ubuntu-xenial (DSA)
<14>Oct 18 15:20:02 ec2: 256 SHA256:8BPSxgETljAVzcI+fqe/0swfl26BTSAEoSXSfHCSco4 root@ubuntu-xenial (ECDSA)
<14>Oct 18 15:20:02 ec2: 256 SHA256:5eL6Bbap5NvlPNSE8GsvvnQVA1B3SEFv926BcjNHXjw root@ubuntu-xenial (ED25519)
<14>Oct 18 15:20:02 ec2: 2048 SHA256:bmYMTRUfmJiBQk2nLjPgqVScRIuFJIyVrreWNnUefDY root@ubuntu-xenial (RSA)
<14>Oct 18 15:20:02 ec2: -----END SSH HOST KEY FINGERPRINTS-----
<14>Oct 18 15:20:02 ec2: #############################################################
-----BEGIN SSH HOST KEY KEYS-----
ecdsa-sha2-nistp256 AAAAE2VjZHNhLXNoYTItbmlzdHAyNTYAAAAIbmlzdHAyNTYAAABBBC1qQ7bLTf7RFo/VVWCBOuN/mbbgqT5084JcB49ia1EojyfTcoKfVj8yr/xPrQ5Mzg1fEEoGwLznF31oT+PAlqU= root@ubuntu-xenial
ssh-ed25519 AAAAC3NzaC1lZDI1NTE5AAAAIGvbXKYOk1nxSUMkW/jc/IP0cQa9zULEKTSFjuj9BGG6 root@ubuntu-xenial
ssh-rsa AAAAB3NzaC1yc2EAAAADAQABAAABAQD7SKx3QZfP9rvjIKGRasinNNkIexI+EnGDWI8WWWO4wblTwcNSlMSgfEVbv97FW1z6stngkOzyw9GfBSD8TrZZ3eqYsvzQ12hp8R8I7Y7pu6zvnghMRylflHmy79oG/uU09u52FDFQ5BTo00W0s7pYDH3/m17orVR1Do+l+BBZbTWWfj1VnmV0d3PHukrGOQ+yNjPGmkX7pJOT6C91QHf6iavjY9S9U20qBXPqbXlRCDC/yuHfepsyck6M8R/MBvcm6WTHXzm5JzTMg6FJNHPSLergbPMEbtfknrcaJqk4pu/+/bYopB3C3TDHnNF/GC/IGjQivBhnTZkPznASP4v/ root@ubuntu-xenial
-----END SSH HOST KEY KEYS-----
[   14.607891] cloud-init[1572]: Cloud-init v. 21.1-19-gbad84ad4-0ubuntu1~16.04.2 running 'modules:final' at Wed, 18 Oct 2023 15:20:02 +0000. Up 14.43 seconds.
[   14.614517] cloud-init[1572]: ci-info: no authorized SSH keys fingerprints found for user ubuntu.
[   14.619991] cloud-init[1572]: Cloud-init v. 21.1-19-gbad84ad4-0ubuntu1~16.04.2 finished at Wed, 18 Oct 2023 15:20:02 +0000. Datasource DataSourceNoCloud [seed=/dev/sdb][dsmode=net].  Up 14.60 seconds
[[0;32m  OK  [0m] Started Execute cloud user/final scripts.
[[0;32m  OK  [0m] Reached target Cloud-init target.

Ubuntu 16.04.7 LTS ubuntu-xenial ttyS0

ubuntu-xenial login:          Stopping ACPI event daemon...
[[0;32m  OK  [0m] Stopped target Cloud-init target.
[[0;32m  OK  [0m] Closed Load/Save RF Kill Switch Status /dev/rfkill Watch.
[[0;32m  OK  [0m] Stopped target Graphical Interface.
         Stopping Accounts Service...
[[0;32m  OK  [0m] Stopped Execute cloud user/final scripts.
[[0;32m  OK  [0m] Stopped target Multi-User System.
         Stopping OpenBSD Secure Shell server...
         Stopping LSB: MD monitoring daemon...
         Stopping LSB: daemon to balance interrupts for SMP systems...
         Stopping LXD - container startup/shutdown...
[[0;32m  OK  [0m] Stopped target Login Prompts.
         Stopping Virtualbox guest utils...
         Stopping LSB: Set the CPU Frequency Scaling governor to "ondemand"...
         Stopping LSB: automatic crash report generation...
         Stopping Deferred execution scheduler...
         Stopping LSB: Record successful boot for GRUB...
         Stopping Regular background program processing daemon...
         Stopping FUSE filesystem for LXC...
         Stopping D-Bus System Message Bus...
[[0;32m  OK  [0m] Stopped Apply the settings specified in cloud-config.
[[0;32m  OK  [0m] Stopped target Cloud-config availability.
[[0;32m  OK  [0m] Stopped Wait until snapd is fully seeded.
         Stopping User Manager for UID 1000...
         Stopping Getty on tty1...
         Stopping Authenticate and Authorize Users to Run Privileged Tasks...
         Stopping System Logging Service...
         Stopping Serial Getty on ttyS0...
         Stopping Session 4 of user vagrant.
[[0;32m  OK  [0m] Stopped target Timers.
[[0;32m  OK  [0m] Stopped Ubuntu Advantage update messaging.
[[0;32m  OK  [0m] Stopped Message of the Day.
[[0;32m  OK  [0m] Stopped Daily Cleanup of Temporary Directories.
[[0;32m  OK  [0m] Stopped Daily apt upgrade and clean activities.
[[0;32m  OK  [0m] Stopped Daily apt download activities.
[[0;32m  OK  [0m] Stopped target System Time Synchronized.
[[0;32m  OK  [0m] Unmounted /var/lib/lxcfs.
[[0;32m  OK  [0m] Stopped Regular background program processing daemon.
[[0;32m  OK  [0m] Stopped Deferred execution scheduler.
[[0;32m  OK  [0m] Stopped Accounts Service.
[[0;32m  OK  [0m] Stopped System Logging Service.
[[0;32m  OK  [0m] Stopped Authenticate and Authorize Users to Run Privileged Tasks.
[[0;32m  OK  [0m] Stopped ACPI event daemon.
[[0;32m  OK  [0m] Stopped Getty on tty1.
[[0;32m  OK  [0m] Stopped Serial Getty on ttyS0.
[[0;32m  OK  [0m] Stopped OpenBSD Secure Shell server.
[[0;32m  OK  [0m] Stopped User Manager for UID 1000.
[[0;32m  OK  [0m] Stopped D-Bus System Message Bus.
[[0;32m  OK  [0m] Stopped FUSE filesystem for LXC.
[[0;32m  OK  [0m] Stopped Session 4 of user vagrant.
[[0;32m  OK  [0m] Stopped LSB: Record successful boot for GRUB.
[[0;32m  OK  [0m] Stopped LSB: MD monitoring daemon.
[[0;32m  OK  [0m] Stopped LXD - container startup/shutdown.
[[0;32m  OK  [0m] Stopped LSB: Set the CPU Frequency Scaling governor to "ondemand".
[[0;32m  OK  [0m] Stopped LSB: daemon to balance interrupts for SMP systems.
[[0;32m  OK  [0m] Stopped Virtualbox guest utils.
[[0;32m  OK  [0m] Stopped LSB: automatic crash report generation.
[[0;32m  OK  [0m] Removed slice User Slice of vagrant.
         Stopping Login Service...
[[0;32m  OK  [0m] Removed slice system-serial\x2dgetty.slice.
[[0;32m  OK  [0m] Removed slice system-getty.slice.
         Stopping Permit User Sessions...
[[0;32m  OK  [0m] Stopped /etc/rc.local Compatibility.
[[0;32m  OK  [0m] Stopped Permit User Sessions.
[[0;32m  OK  [0m] Stopped target Remote File Systems.
         Unmounting /vagrant...
[[0;32m  OK  [0m] Unmounted /vagrant.
[[0;32m  OK  [0m] Stopped target Remote File Systems (Pre).
         Stopping Login to default iSCSI targets...
[[0;32m  OK  [0m] Stopped Login Service.
[[0;32m  OK  [0m] Stopped target Basic System.
[[0;32m  OK  [0m] Stopped target Sockets.
[[0;32m  OK  [0m] Closed Socket activation for snappy daemon.
[[0;32m  OK  [0m] Closed D-Bus System Message Bus Socket.
[[0;32m  OK  [0m] Closed Syslog Socket.
[[0;32m  OK  [0m] Closed LXD - unix socket.
[[0;32m  OK  [0m] Closed ACPID Listen Socket.
[[0;32m  OK  [0m] Closed UUID daemon activation socket.
[[0;32m  OK  [0m] Stopped target Slices.
[[0;32m  OK  [0m] Stopped target Paths.
[[0;32m  OK  [0m] Stopped Forward Password Requests to Wall Directory Watch.
[[0;32m  OK  [0m] Stopped ACPI Events Check.
[[0;32m  OK  [0m] Stopped target System Initialization.
[[0;32m  OK  [0m] Stopped Create Volatile Files and Directories.
         Stopping Load/Save Random Seed...
[[0;32m  OK  [0m] Stopped target Encrypted Volumes.
[[0;32m  OK  [0m] Stopped Commit a transient machine-id on disk.
[[0;32m  OK  [0m] Stopped target Swap.
[[0;32m  OK  [0m] Stopped Dispatch Password Requests to Console Directory Watch.
[[0;32m  OK  [0m] Stopped target User and Group Name Lookups.
[[0;32m  OK  [0m] Removed slice User and Session Slice.
[[0;32m  OK  [0m] Stopped Load/Save Random Seed.
[[0;32m  OK  [0m] Stopped Login to default iSCSI targets.
         Stopping iSCSI initiator daemon (iscsid)...
[[0;32m  OK  [0m] Stopped iSCSI initiator daemon (iscsid).
[[0;32m  OK  [0m] Stopped target Network is Online.
[[0;32m  OK  [0m] Stopped Initial cloud-init job (metadata service crawler).
[[0;32m  OK  [0m] Stopped target Network.
         Stopping Raise network interfaces...
[[0;32m  OK  [0m] Stopped Raise network interfaces.
[[0;32m  OK  [0m] Stopped Apply Kernel Variables.
[[0;32m  OK  [0m] Stopped Load Kernel Modules.
[[0;32m  OK  [0m] Stopped target Network (Pre).
[[0;32m  OK  [0m] Stopped Initial cloud-init job (pre-networking).
[[0;32m  OK  [0m] Stopped target Local File Systems.
         Unmounting /run/user/1000...
[[0;32m  OK  [0m] Unmounted /run/user/1000.
[[0;32m  OK  [0m] Reached target Unmount All Filesystems.
[[0;32m  OK  [0m] Stopped target Local File Systems (Pre).
         Stopping Monitoring of LVM2 mirrors... dmeventd or progress polling...
[[0;32m  OK  [0m] Stopped Remount Root and Kernel File Systems.
[[0;32m  OK  [0m] Stopped Create Static Device Nodes in /dev.
[[0;32m  OK  [0m] Reached target Shutdown.
[  195.317427] reboot: Power down
